../Drivers/dev_gps/middleware/src/nmea_parser.c:14:16:Nmea_HexToNibble	16	static
../Drivers/dev_gps/middleware/src/nmea_parser.c:22:16:Nmea_ChecksumIsValid	32	static
../Drivers/dev_gps/middleware/src/nmea_parser.c:63:15:Nmea_ToDegrees	48	static
../Drivers/dev_gps/middleware/src/nmea_parser.c:81:16:Nmea_GetField	32	static
../Drivers/dev_gps/middleware/src/nmea_parser.c:134:16:Nmea_IsGgaSentence	16	static
../Drivers/dev_gps/middleware/src/nmea_parser.c:149:25:Nmea_ParseGgaLine	112	static
../Drivers/dev_gps/middleware/src/nmea_parser.c:201:6:Nmea_Reset	8	static
../Drivers/dev_gps/middleware/src/nmea_parser.c:206:18:Nmea_ParseLine	16	static
../Drivers/dev_gps/middleware/src/nmea_parser.c:226:17:Nmea_GetData	24	static
