../Drivers/dev_gps/middleware/src/nmea_parser.c:18:16:Nmea_HexToNibble	16	static
../Drivers/dev_gps/middleware/src/nmea_parser.c:26:16:Nmea_ChecksumIsValid	32	static
../Drivers/dev_gps/middleware/src/nmea_parser.c:72:15:Nmea_ToDegrees	48	static
../Drivers/dev_gps/middleware/src/nmea_parser.c:90:16:Nmea_GetField	32	static
../Drivers/dev_gps/middleware/src/nmea_parser.c:143:16:Nmea_IsGgaSentence	16	static
../Drivers/dev_gps/middleware/src/nmea_parser.c:158:16:Nmea_IsRmcSentence	16	static
../Drivers/dev_gps/middleware/src/nmea_parser.c:173:13:Nmea_UpdateLatLon	40	static
../Drivers/dev_gps/middleware/src/nmea_parser.c:195:25:Nmea_ParseGgaLine	144	static
../Drivers/dev_gps/middleware/src/nmea_parser.c:243:25:Nmea_ParseRmcLine	144	static
../Drivers/dev_gps/middleware/src/nmea_parser.c:293:6:Nmea_Reset	8	static
../Drivers/dev_gps/middleware/src/nmea_parser.c:298:18:Nmea_ParseLine	16	static
../Drivers/dev_gps/middleware/src/nmea_parser.c:323:17:Nmea_GetData	24	static
