../Drivers/dev_gps/middleware/src/nmea_parser.c:9:16:Nmea_HexToNibble	16	static
../Drivers/dev_gps/middleware/src/nmea_parser.c:17:16:Nmea_ChecksumIsValid	32	static
../Drivers/dev_gps/middleware/src/nmea_parser.c:64:15:Nmea_ToDegrees	48	static
../Drivers/dev_gps/middleware/src/nmea_parser.c:88:16:Nmea_GetField	32	static
../Drivers/dev_gps/middleware/src/nmea_parser.c:144:16:Nmea_IsGgaSentence	16	static
../Drivers/dev_gps/middleware/src/nmea_parser.c:159:16:Nmea_IsRmcSentence	16	static
../Drivers/dev_gps/middleware/src/nmea_parser.c:174:16:Nmea_IsGllSentence	16	static
../Drivers/dev_gps/middleware/src/nmea_parser.c:189:16:Nmea_UpdateLatLon	56	static
../Drivers/dev_gps/middleware/src/nmea_parser.c:228:25:Nmea_ParseGgaLine	144	static
../Drivers/dev_gps/middleware/src/nmea_parser.c:281:25:Nmea_ParseRmcLine	144	static
../Drivers/dev_gps/middleware/src/nmea_parser.c:325:25:Nmea_ParseGllLine	144	static
../Drivers/dev_gps/middleware/src/nmea_parser.c:377:6:Nmea_Reset	8	static
../Drivers/dev_gps/middleware/src/nmea_parser.c:382:18:Nmea_ParseLine	16	static
../Drivers/dev_gps/middleware/src/nmea_parser.c:414:17:Nmea_GetData	24	static
