../Drivers/dev_gps/src/gps_driver.c:34:24:GPS_StartRx	8	static
../Drivers/dev_gps/src/gps_driver.c:57:24:GPS_StopRx	8	static
../Drivers/dev_gps/src/gps_driver.c:72:13:GPS_RingReset	8	static
../Drivers/dev_gps/src/gps_driver.c:82:13:GPS_RingWriteByte	24	static
../Drivers/dev_gps/src/gps_driver.c:99:16:GPS_RingReadByte	16	static
../Drivers/dev_gps/src/gps_driver.c:117:16:GPS_InternalReadLine	32	static
../Drivers/dev_gps/src/gps_driver.c:180:6:Gps_RxCallback	24	static
../Drivers/dev_gps/src/gps_driver.c:206:6:Gps_RxErrorCallback	32	static
../Drivers/dev_gps/src/gps_driver.c:222:17:Gps_Open	32	static
../Drivers/dev_gps/src/gps_driver.c:269:17:Gps_Read	24	static
../Drivers/dev_gps/src/gps_driver.c:296:17:Gps_Write	16	static
../Drivers/dev_gps/src/gps_driver.c:319:17:Gps_Ioctl	16	static
../Drivers/dev_gps/src/gps_driver.c:366:17:Gps_Close	24	static
