../Drivers/dev_gps/src/gps_driver.c:33:24:GPS_StartRx	8	static
../Drivers/dev_gps/src/gps_driver.c:49:24:GPS_StopRx	8	static
../Drivers/dev_gps/src/gps_driver.c:64:13:GPS_RingReset	8	static
../Drivers/dev_gps/src/gps_driver.c:74:13:GPS_RingWriteByte	24	static
../Drivers/dev_gps/src/gps_driver.c:89:16:GPS_RingReadByte	16	static
../Drivers/dev_gps/src/gps_driver.c:111:16:GPS_InternalReadLine	32	static
../Drivers/dev_gps/src/gps_driver.c:158:6:Gps_RxCallback	24	static
../Drivers/dev_gps/src/gps_driver.c:178:17:Gps_Open	32	static
../Drivers/dev_gps/src/gps_driver.c:219:17:Gps_Read	24	static
../Drivers/dev_gps/src/gps_driver.c:244:17:Gps_Write	16	static
../Drivers/dev_gps/src/gps_driver.c:264:17:Gps_Ioctl	24	static
../Drivers/dev_gps/src/gps_driver.c:300:17:Gps_Close	24	static
