../Drivers/dev_bme/src/bme_driver.c:28:5:read_trim_values	32	static
../Drivers/dev_bme/src/bme_driver.c:58:9:readChipID	32	static
../Drivers/dev_bme/src/bme_driver.c:67:5:read_raw_data	32	static
../Drivers/dev_bme/src/bme_driver.c:82:6:compansate_temp	24	static
../Drivers/dev_bme/src/bme_driver.c:94:10:compensate_pressure	328	static
../Drivers/dev_bme/src/bme_driver.c:121:5:BME_Config	48	static
../Drivers/dev_bme/src/bme_driver.c:146:6:BME_Measure	8	static
../Drivers/dev_bme/src/bme_driver.c:176:7:BME_GetAltitude	8	static
../Drivers/dev_bme/src/bme_driver.c:181:7:BME_GetTemperature	8	static
