../Drivers/dev_lora/src/telemetry_data.c:8:13:lock_mutex	16	static
../Drivers/dev_lora/src/telemetry_data.c:13:13:unlock_mutex	16	static
../Drivers/dev_lora/src/telemetry_data.c:18:6:TelemetryData_Init	8	static
../Drivers/dev_lora/src/telemetry_data.c:23:6:TelemetryData_UpdateBme	16	static
../Drivers/dev_lora/src/telemetry_data.c:40:6:TelemetryData_UpdateGps	8	static
../Drivers/dev_lora/src/telemetry_data.c:58:6:TelemetryData_UpdateMpu	16	static
../Drivers/dev_lora/src/telemetry_data.c:75:6:TelemetryData_GetSnapshot	16	static
