../Core/Src/bme_driver.c:26:8:calculate_altitude	24	static
../Core/Src/bme_driver.c:32:5:read_trim_values	32	static
../Core/Src/bme_driver.c:62:9:readChipID	32	static
../Core/Src/bme_driver.c:71:5:read_raw_data	32	static
../Core/Src/bme_driver.c:86:6:compansate_temp	24	static
../Core/Src/bme_driver.c:98:10:compensate_pressure	328	static
../Core/Src/bme_driver.c:125:5:BME_Config	48	static
../Core/Src/bme_driver.c:150:6:BME_Measure	8	static
../Core/Src/bme_driver.c:180:7:BME_GetAltitude	8	static
../Core/Src/bme_driver.c:185:7:BME_GetTemperature	8	static
