../Core/Src/main.c:85:6:HAL_UARTEx_RxEventCallback	16	static
../Core/Src/main.c:95:5:main	136	static
../Core/Src/main.c:191:6:SystemClock_Config	88	static
../Core/Src/main.c:237:13:MX_I2C1_Init	8	static
../Core/Src/main.c:271:13:MX_I2C2_Init	8	static
../Core/Src/main.c:305:13:MX_USART2_UART_Init	8	static
../Core/Src/main.c:338:13:MX_USART3_UART_Init	8	static
../Core/Src/main.c:369:13:MX_DMA_Init	16	static
../Core/Src/main.c:387:13:MX_GPIO_Init	48	static
../Core/Src/main.c:425:6:HAL_TIM_PeriodElapsedCallback	16	static
../Core/Src/main.c:442:6:Error_Handler	4	static,ignoring_inline_asm
