../Drivers/dev_mpu/src/mpu_driver.c:25:17:MPU_DevAddr8	4	static
../Drivers/dev_mpu/src/mpu_driver.c:30:13:MPU_DelayMs	16	static
../Drivers/dev_mpu/src/mpu_driver.c:35:24:MPU_ReadRegister	40	static
../Drivers/dev_mpu/src/mpu_driver.c:56:24:MPU_WriteRegister	40	static
../Drivers/dev_mpu/src/mpu_driver.c:77:24:MPU_WriteRegister8	16	static
../Drivers/dev_mpu/src/mpu_driver.c:82:24:MPU_SetSampleRate	24	static
../Drivers/dev_mpu/src/mpu_driver.c:103:24:MPU_ApplyConfig	24	static
../Drivers/dev_mpu/src/mpu_driver.c:135:24:MPU_HardwareInit	24	static
../Drivers/dev_mpu/src/mpu_driver.c:184:13:MPU_UpdateAnglesFromLastRead	40	static
../Drivers/dev_mpu/src/mpu_driver.c:216:17:MPU_Open	40	static
../Drivers/dev_mpu/src/mpu_driver.c:262:17:MPU_Read	48	static
../Drivers/dev_mpu/src/mpu_driver.c:308:17:MPU_Write	24	static
../Drivers/dev_mpu/src/mpu_driver.c:326:17:MPU_Ioctl	24	static
../Drivers/dev_mpu/src/mpu_driver.c:378:17:MPU_Close	16	static
../Drivers/dev_mpu/src/mpu_driver.c:394:14:MPU_GetDegree	24	static
../Drivers/dev_mpu/src/mpu_driver.c:399:17:MPU_CalibrateGyro	56	static
